#-----------------------------------------------------------
# Vivado v2018.3 (64-bit)
# SW Build 2405991 on Thu Dec  6 23:38:27 MST 2018
# IP Build 2404404 on Fri Dec  7 01:43:56 MST 2018
# Start of session at: Fri Jul 31 18:17:16 2020
# Process ID: 8336
# Current directory: D:/cp/project/car
# Command line: vivado.exe -gui_launcher_event rodinguilauncherevent7836 D:\cp\project\car\car.xpr
# Log file: D:/cp/project/car/vivado.log
# Journal file: D:/cp/project/car\vivado.jou
#-----------------------------------------------------------
start_gui
open_project D:/cp/project/car/car.xpr
update_compile_order -fileset sources_1
launch_simulation
open_wave_config D:/cp/project/car/TB_behav.wcfg
source TB.tcl
current_wave_config {TB_behav.wcfg}
add_wave {{/TB/u/test2/Key1}} 
current_wave_config {TB_behav.wcfg}
add_wave {{/TB/u/test1/sbuf}} {{/TB/u/test1/speed}} {{/TB/u/test1/driver}} 
current_wave_config {TB_behav.wcfg}
add_wave {{/TB/u/test1/Key2}} 
restart
run 5 s
close_sim
launch_simulation
open_wave_config D:/cp/project/car/TB_behav.wcfg
source TB.tcl
restart
run 5 s
save_wave_config {D:/cp/project/car/TB_behav.wcfg}
close_sim
